main.c:95:5:main	16	static
main.c:203:6:SystemClock_Config	112	static
main.c:256:13:MX_ADC1_Init	24	static
main.c:306:13:MX_SPI3_Init	8	static
main.c:344:13:MX_TIM3_Init	32	static
main.c:389:13:MX_TIM11_Init	24	static
main.c:434:13:MX_USART2_UART_Init	8	static
main.c:465:13:MX_DMA_Init	16	static
main.c:483:13:MX_GPIO_Init	48	static
main.c:535:6:MCP4922SetOutput	24	static
main.c:542:6:HAL_SPI_TxCpltCallback	16	static
main.c:550:6:HAL_TIM_PeriodElapsedCallback	24	static
main.c:558:17:micros	12	static
main.c:568:6:Error_Handler	4	static,ignoring_inline_asm
