main.c:96:5:main	32	static
main.c:321:6:SystemClock_Config	112	static
main.c:374:13:MX_ADC1_Init	24	static
main.c:424:13:MX_SPI3_Init	8	static
main.c:462:13:MX_TIM3_Init	32	static
main.c:507:13:MX_TIM11_Init	24	static
main.c:552:13:MX_USART2_UART_Init	8	static
main.c:583:13:MX_DMA_Init	16	static
main.c:601:13:MX_GPIO_Init	48	static
main.c:653:6:MCP4922SetOutput	24	static
main.c:659:9:UARTRecieveIT	16	static
main.c:672:6:HAL_SPI_TxCpltCallback	16	static
main.c:680:6:HAL_TIM_PeriodElapsedCallback	24	static
main.c:687:6:HAL_UART_RxCpltCallback	16	static
main.c:693:17:micros	12	static
main.c:703:6:Error_Handler	4	static,ignoring_inline_asm
